PASS mobile/en/320/explorer
PASS mobile/en/320/my-tenders
PASS mobile/en/320/bid-preparation
PASS session/en/320/outage-retry
PASS mobile/en/390/explorer
PASS mobile/en/390/my-tenders
PASS mobile/en/390/bid-preparation
PASS session/en/390/outage-retry
PASS mobile/en/768/explorer
PASS mobile/en/768/my-tenders
PASS mobile/en/768/bid-preparation
PASS session/en/768/outage-retry
PASS mobile/en/1440/explorer
PASS mobile/en/1440/my-tenders
PASS mobile/en/1440/bid-preparation
PASS session/en/1440/outage-retry
PASS mobile/uz/320/explorer
PASS mobile/uz/320/my-tenders
PASS mobile/uz/320/bid-preparation
PASS session/uz/320/outage-retry
PASS mobile/uz/390/explorer
PASS mobile/uz/390/my-tenders
PASS mobile/uz/390/bid-preparation
PASS session/uz/390/outage-retry
PASS mobile/uz/768/explorer
PASS mobile/uz/768/my-tenders
PASS mobile/uz/768/bid-preparation
PASS session/uz/768/outage-retry
PASS mobile/uz/1440/explorer
PASS mobile/uz/1440/my-tenders
PASS mobile/uz/1440/bid-preparation
PASS session/uz/1440/outage-retry
PASS mobile/ru/320/explorer
PASS mobile/ru/320/my-tenders
PASS mobile/ru/320/bid-preparation
PASS session/ru/320/outage-retry
PASS mobile/ru/390/explorer
PASS mobile/ru/390/my-tenders
PASS mobile/ru/390/bid-preparation
PASS session/ru/390/outage-retry
PASS mobile/ru/768/explorer
PASS mobile/ru/768/my-tenders
PASS mobile/ru/768/bid-preparation
PASS session/ru/768/outage-retry
PASS mobile/ru/1440/explorer
PASS mobile/ru/1440/my-tenders
PASS mobile/ru/1440/bid-preparation
PASS session/ru/1440/outage-retry
PASS mobile/ar/320/explorer
PASS mobile/ar/320/my-tenders
PASS mobile/ar/320/bid-preparation
PASS session/ar/320/outage-retry
PASS mobile/ar/390/explorer
PASS mobile/ar/390/my-tenders
PASS mobile/ar/390/bid-preparation
PASS session/ar/390/outage-retry
PASS mobile/ar/768/explorer
PASS mobile/ar/768/my-tenders
PASS mobile/ar/768/bid-preparation
PASS session/ar/768/outage-retry
PASS mobile/ar/1440/explorer
PASS mobile/ar/1440/my-tenders
PASS mobile/ar/1440/bid-preparation
PASS session/ar/1440/outage-retry
PASS production-passivity/explorer
PASS production-passivity/my-tenders
PASS production-passivity/bid-preparation
PASS production-passivity/details
PASS production-passivity/compliance
PASS production-passivity/readiness
PASS production-passivity/settings
PASS production-client-navigation/explorer
PASS production-client-navigation/my-tenders
PASS production-client-navigation/bid-preparation
PASS production-client-navigation/settings
PASS pagination/proposals
PASS pagination/readiness
PASS production-passivity/document-viewer-missing
PASS locale/spoofed-persisted-header
PASS locale/two-user-isolation
PASS session/revocation-next-navigation
PASS session/expired-real-sign-in
warning: The `fitz` API is deprecated and will be removed in future. Use `import pymupdf` instead.
/tmp/plasma-s92-venv/lib/python3.12/site-packages/fastapi/testclient.py:1: StarletteDeprecationWarning: Using `httpx` with `starlette.testclient` is deprecated; install `httpx2` instead.
  from starlette.testclient import TestClient as TestClient  # noqa
PASS backend-auth/anonymous/list
PASS backend-auth/invalid/list
PASS backend-auth/pending/list
PASS backend-auth/rejected/list
PASS backend-auth/disabled/list
PASS backend-auth/stale/list
PASS backend-auth/approved/list
PASS backend-auth/operator/list
PASS backend-auth/admin/list
PASS backend-auth/anonymous//00000000-0000-4000-8000-000000000001
PASS backend-auth/invalid//00000000-0000-4000-8000-000000000001
PASS backend-auth/pending//00000000-0000-4000-8000-000000000001
PASS backend-auth/rejected//00000000-0000-4000-8000-000000000001
PASS backend-auth/disabled//00000000-0000-4000-8000-000000000001
PASS backend-auth/stale//00000000-0000-4000-8000-000000000001
PASS backend-auth/approved//00000000-0000-4000-8000-000000000001
PASS backend-auth/operator//00000000-0000-4000-8000-000000000001
PASS backend-auth/admin//00000000-0000-4000-8000-000000000001
PASS backend-auth/anonymous//00000000-0000-4000-8000-000000000001/details
PASS backend-auth/invalid//00000000-0000-4000-8000-000000000001/details
PASS backend-auth/pending//00000000-0000-4000-8000-000000000001/details
PASS backend-auth/rejected//00000000-0000-4000-8000-000000000001/details
PASS backend-auth/disabled//00000000-0000-4000-8000-000000000001/details
PASS backend-auth/stale//00000000-0000-4000-8000-000000000001/details
PASS backend-auth/approved//00000000-0000-4000-8000-000000000001/details
PASS backend-auth/operator//00000000-0000-4000-8000-000000000001/details
PASS backend-auth/admin//00000000-0000-4000-8000-000000000001/details
PASS backend-auth/anonymous//00000000-0000-4000-8000-000000000001/documents
PASS backend-auth/invalid//00000000-0000-4000-8000-000000000001/documents
PASS backend-auth/pending//00000000-0000-4000-8000-000000000001/documents
PASS backend-auth/rejected//00000000-0000-4000-8000-000000000001/documents
PASS backend-auth/disabled//00000000-0000-4000-8000-000000000001/documents
PASS backend-auth/stale//00000000-0000-4000-8000-000000000001/documents
PASS backend-auth/approved//00000000-0000-4000-8000-000000000001/documents
PASS backend-auth/operator//00000000-0000-4000-8000-000000000001/documents
PASS backend-auth/admin//00000000-0000-4000-8000-000000000001/documents
PASS backend-auth/anonymous//00000000-0000-4000-8000-000000000001/decision-snapshot
PASS backend-auth/invalid//00000000-0000-4000-8000-000000000001/decision-snapshot
PASS backend-auth/pending//00000000-0000-4000-8000-000000000001/decision-snapshot
PASS backend-auth/rejected//00000000-0000-4000-8000-000000000001/decision-snapshot
PASS backend-auth/disabled//00000000-0000-4000-8000-000000000001/decision-snapshot
PASS backend-auth/stale//00000000-0000-4000-8000-000000000001/decision-snapshot
PASS backend-auth/approved//00000000-0000-4000-8000-000000000001/decision-snapshot
PASS backend-auth/operator//00000000-0000-4000-8000-000000000001/decision-snapshot
PASS backend-auth/admin//00000000-0000-4000-8000-000000000001/decision-snapshot
PASS impersonation/approved-no-proof
PASS impersonation/admin-no-proof
PASS impersonation/operator-no-proof
PASS impersonation/forged-subject
PASS impersonation/wrong-audience
PASS impersonation/wrong-issuer
PASS impersonation/expired
PASS impersonation/tampered
PASS impersonation/email-injection
PASS verified-login/approved
PASS verified-login/operator
PASS verified-login/admin
PASS session/bridge-replay-after-disable-and-restore
PASS upload/browser-multipart/valid
PASS upload/browser-multipart/extension
PASS upload/browser-multipart/signature
PASS upload/browser-multipart/parse
PASS upload/browser-multipart/model
