
> frontend@0.1.0 build
> next build

▲ Next.js 16.2.11 (Turbopack)

⚠ The "middleware" file convention is deprecated. Please use "proxy" instead. Learn more: https://nextjs.org/docs/messages/middleware-to-proxy
  Creating an optimized production build ...
✓ Compiled successfully in 16.7s
  Running TypeScript ...
  Finished TypeScript in 24.7s ...
  Collecting page data using 11 workers ...
  Generating static pages using 11 workers (0/24) ...
  Generating static pages using 11 workers (6/24) 
  Generating static pages using 11 workers (12/24) 
  Generating static pages using 11 workers (18/24) 
✓ Generating static pages using 11 workers (24/24) in 611ms
  Finalizing page optimization ...

Route (app)
┌ ƒ /
├ ƒ /_not-found
├ ƒ /admin
├ ƒ /admin/approvals
├ ƒ /admin/audit
├ ƒ /admin/companies/[companyProfileId]
├ ƒ /api/auth/[...nextauth]
├ ƒ /api/build
├ ƒ /api/documents/[id]
├ ƒ /api/ui-locale
├ ƒ /dashboard
├ ƒ /dashboard/access-blocked
├ ƒ /dashboard/admin
├ ƒ /dashboard/admin/approvals
├ ƒ /dashboard/bid-preparation
├ ƒ /dashboard/bid-preparation/[proposalId]
├ ƒ /dashboard/bids
├ ƒ /dashboard/bids/[id]
├ ƒ /dashboard/hunter
├ ƒ /dashboard/my-tenders
├ ƒ /dashboard/onboarding
├ ƒ /dashboard/pending-approval
├ ƒ /dashboard/proposals
├ ƒ /dashboard/readiness-vault
├ ƒ /dashboard/settings
├ ƒ /dashboard/tenders
├ ƒ /dashboard/tenders/[tenderId]
├ ƒ /dashboard/tenders/[tenderId]/compliance
├ ƒ /dashboard/workspace
└ ƒ /document-preview/[id]


ƒ Proxy (Middleware)

ƒ  (Dynamic)  server-rendered on demand

