Collecting pydantic==2.13.5
  Using cached pydantic-2.13.5-py3-none-any.whl.metadata (110 kB)
Requirement already satisfied: annotated-types>=0.6.0 in /tmp/plasma-s92-venv/lib/python3.12/site-packages (from pydantic==2.13.5) (0.8.0)
Collecting pydantic-core==2.46.5 (from pydantic==2.13.5)
  Downloading pydantic_core-2.46.5-cp312-cp312-manylinux_2_17_x86_64.manylinux2014_x86_64.whl.metadata (6.6 kB)
Requirement already satisfied: typing-extensions>=4.14.1 in /tmp/plasma-s92-venv/lib/python3.12/site-packages (from pydantic==2.13.5) (4.16.0)
Requirement already satisfied: typing-inspection>=0.4.2 in /tmp/plasma-s92-venv/lib/python3.12/site-packages (from pydantic==2.13.5) (0.4.4)
Downloading pydantic-2.13.5-py3-none-any.whl (472 kB)
Downloading pydantic_core-2.46.5-cp312-cp312-manylinux_2_17_x86_64.manylinux2014_x86_64.whl (2.1 MB)
   ━━━━━━━━━━━━━━━━━━━━━━━━━━━━━━━━━━━━━━━━ 2.1/2.1 MB 8.7 MB/s  0:00:00
Installing collected packages: pydantic-core, pydantic
  Attempting uninstall: pydantic-core
    Found existing installation: pydantic_core 2.48.0
    Uninstalling pydantic_core-2.48.0:
      Successfully uninstalled pydantic_core-2.48.0
  Attempting uninstall: pydantic
    Found existing installation: pydantic 2.14.0b1
    Uninstalling pydantic-2.14.0b1:
      Successfully uninstalled pydantic-2.14.0b1

Successfully installed pydantic-2.13.5 pydantic-core-2.46.5
