...................................................................... [ 11%]
........................................................................................................................... [ 31%]
........................................................................ [ 43%]
......................................... [ 49%]
................................................. [ 57%]
.................................................................... [ 68%]
.......................................................... [ 78%]
................................................................... [ 89%]
.s.................................................................      [100%]
=============================== warnings summary ===============================
app/api/endpoints/hunter.py:37
  /mnt/d/projects/plasmaos/backend/app/api/endpoints/hunter.py:37: PydanticDeprecatedSince20: Support for class-based `config` is deprecated, use ConfigDict instead. Deprecated in Pydantic V2.0 to be removed in V3.0. See Pydantic V2 Migration Guide at https://errors.pydantic.dev/2.14/migration/
    class HunterTenderPayload(BaseModel):

app/api/endpoints/hunter.py:48
  /mnt/d/projects/plasmaos/backend/app/api/endpoints/hunter.py:48: PydanticDeprecatedSince20: Support for class-based `config` is deprecated, use ConfigDict instead. Deprecated in Pydantic V2.0 to be removed in V3.0. See Pydantic V2 Migration Guide at https://errors.pydantic.dev/2.14/migration/
    class HunterRecommendationPayload(BaseModel):

test_s0_3_schema_data_preflight.py::SchemaDataPreflightSafetyTests::test_repository_head_is_resolved_without_running_migrations
test_s0_5b4_baseline_bootstrap.py::test_repository_head_is_the_approved_single_head
test_s1_3b_project_context_runtime_recovery.py::test_recovery_adds_no_migration_and_reuses_sprint_1_2_worker
test_sr2_3_connector_capability_document_decoupling.py::DocumentAndMigrationTests::test_additive_nullable_metrics_and_single_head
  /tmp/plasma-s92-venv/lib/python3.12/site-packages/alembic/config.py:604: DeprecationWarning: No path_separator found in configuration; falling back to legacy splitting on spaces, commas, and colons for prepend_sys_path.  Consider adding path_separator=os to Alembic config.
    util.warn_deprecated(

-- Docs: https://docs.pytest.org/en/stable/how-to/capture-warnings.html
614 passed, 1 skipped, 6 warnings, 100 subtests passed in 52.38s
