--- LOADING CONFIG FROM: /mnt/d/projects/plasmaos/.env ---
--- DB URI: postgresql+asyncpg://acer:****@127.0.0.1:56592/plasma_s05b4b_s92_audit ---
warning: The `fitz` API is deprecated and will be removed in future. Use `import pymupdf` instead.
test_adb_connector.py::AdbConnectorTests::test_active_status_filtering
test_adb_connector.py::AdbConnectorTests::test_attachment_discovery_failure_does_not_block_tender_metadata
test_adb_connector.py::AdbConnectorTests::test_attachment_discovery_stores_pdf_contact_metadata
test_adb_connector.py::AdbConnectorTests::test_authoritative_deadline_and_explicit_status_drive_lifecycle
test_adb_connector.py::AdbConnectorTests::test_authoritative_html_parsing_and_canonical_identity
test_adb_connector.py::AdbConnectorTests::test_contact_extraction_from_structured_adb_notice_text
test_adb_connector.py::AdbConnectorTests::test_contact_extraction_from_tenderlink_adb_notice_text
test_adb_connector.py::AdbConnectorTests::test_deadline_extraction_from_sample_text
test_adb_connector.py::AdbConnectorTests::test_invalid_content_type_rejected
test_adb_connector.py::AdbConnectorTests::test_malformed_rss_item_isolated_without_losing_valid_rows
test_adb_connector.py::AdbConnectorTests::test_no_deadline_and_no_authoritative_status_is_unknown
test_adb_connector.py::AdbConnectorTests::test_node_redirect_final_pdf_metadata
test_adb_connector.py::AdbConnectorTests::test_normalized_mapping_and_canonical_key
test_adb_connector.py::AdbConnectorTests::test_permanent_http_failure_is_not_retried
test_adb_connector.py::AdbConnectorTests::test_primary_failure_uses_degraded_rss_with_freshness
test_adb_connector.py::AdbConnectorTests::test_primary_html_paginates_and_deduplicates_node_identity
test_adb_connector.py::AdbConnectorTests::test_public_project_view_call_uses_only_ordinary_frontend_fields
test_adb_connector.py::AdbConnectorTests::test_public_views_ajax_preserves_project_identity_and_current_fields
test_adb_connector.py::AdbConnectorTests::test_rss_fixture_parsing_and_category_fields
test_adb_connector.py::AdbConnectorTests::test_source_health_detects_stale_primary_independently_of_execution
test_adb_connector.py::AdbConnectorTests::test_stale_rss_active_status_is_not_treated_as_authoritative_open
test_adb_connector.py::AdbConnectorTests::test_status_index_exposes_deterministic_project_view_and_page_count
test_adb_connector.py::AdbConnectorTests::test_transient_request_failure_is_retried_once
test_adb_connector.py::AdbConnectorTests::test_unmatched_legacy_row_reconciles_to_unknown_without_deletion
test_ebrd_connector.py::EbrdConnectorTests::test_active_fallback_does_not_reintroduce_expired_notices
test_ebrd_connector.py::EbrdConnectorTests::test_detail_parser_maps_contact_and_access_guidance
test_ebrd_connector.py::EbrdConnectorTests::test_document_upsert_is_source_scoped_and_idempotent
test_ebrd_connector.py::EbrdConnectorTests::test_listing_parser_uses_stable_ecepp_metadata
test_ebrd_connector.py::EbrdConnectorTests::test_live_listing_failure_can_disable_bootstrap_fallback
test_ebrd_connector.py::EbrdConnectorTests::test_live_listing_failure_uses_bootstrap_fallback
test_ebrd_connector.py::EbrdConnectorTests::test_normalize_and_discover_documents_are_access_required_only
test_giz_connector.py::GizConnectorTests::test_country_page_failure_yields_partial_rows_from_healthy_page
test_giz_connector.py::GizConnectorTests::test_country_page_skips_generated_page_ids_and_listing_placeholders
test_giz_connector.py::GizConnectorTests::test_discovers_procedure_information_link_from_project_html
test_giz_connector.py::GizConnectorTests::test_duplicate_canonical_key_is_stable_for_same_reference
test_giz_connector.py::GizConnectorTests::test_extracts_eproc_contact_submission_and_geography
test_giz_connector.py::GizConnectorTests::test_giz_attachment_upsert_rejects_uzex_tender_scope
test_giz_connector.py::GizConnectorTests::test_normalize_maps_safe_fields_and_attachment_metadata
test_giz_connector.py::GizConnectorTests::test_parse_eproc_listing_keeps_only_active_procurement_rows
test_giz_connector.py::GizConnectorTests::test_parse_flat_download_page_with_deadline_filename
test_giz_connector.py::GizConnectorTests::test_parse_public_country_page_and_documents
test_giz_connector.py::GizConnectorTests::test_valid_zero_result_configuration_is_not_a_failure
test_giz_hydration_worker.py::GizHydrationWorkerTests::test_archive_hydration_extracts_inner_document_and_is_idempotent
test_giz_hydration_worker.py::GizHydrationWorkerTests::test_direct_pdf_parse_adds_file_and_page_provenance
test_giz_hydration_worker.py::GizHydrationWorkerTests::test_giz_hydration_rejects_uzex_tender_scope
test_p0_2a_release_admin_repair.py::ReleaseAdminRepairTests::test_admin_management_command_requires_allowlist_and_google_identity
test_p0_2a_release_admin_repair.py::ReleaseAdminRepairTests::test_admin_repair_migration_adds_session_version_and_activity_log
test_p0_2a_release_admin_repair.py::ReleaseAdminRepairTests::test_auth_module_split_and_document_proxy_preserve_security_contract
test_p0_2a_release_admin_repair.py::ReleaseAdminRepairTests::test_auth_reconciliation_bumps_sessions_and_records_activity
test_p0_2a_release_admin_repair.py::ReleaseAdminRepairTests::test_compose_release_builds_have_real_identity_inputs
test_p0_2a_release_admin_repair.py::ReleaseAdminRepairTests::test_frontend_defaults_to_same_origin_api_without_localhost_target
test_p0_2a_release_admin_repair.py::ReleaseAdminRepairTests::test_safe_version_health_endpoint_reports_release_and_alembic
test_p0_3a_onboarding_access.py::AccessStatusTests::test_operator_access_does_not_require_company_profile
test_p0_3a_onboarding_access.py::AccessStatusTests::test_required_onboarding_and_approval_states
test_p0_3a_onboarding_access.py::AccessStatusTests::test_stale_auth_version_has_no_rotation_bypass
test_p0_3a_onboarding_access.py::AdminCompanyApprovalTests::test_company_approval_bumps_user_session_and_records_activity
test_p0_3a_onboarding_access.py::OnboardingFrontendTests::test_pending_and_session_refresh_ux_is_present
test_p0_3b_source_refresh.py::SourceRefreshTests::test_admin_can_force_refresh
test_p0_3b_source_refresh.py::SourceRefreshTests::test_approved_user_can_refresh_giz
test_p0_3b_source_refresh.py::SourceRefreshTests::test_approved_user_cannot_force_refresh
test_p0_3b_source_refresh.py::SourceRefreshTests::test_enqueue_failure_is_persisted_as_dispatch_failure
test_p0_3b_source_refresh.py::SourceRefreshTests::test_parser_failure_is_not_misreported_as_source_unavailable
test_p0_3b_source_refresh.py::SourceRefreshTests::test_pending_user_cannot_refresh
test_p0_3b_source_refresh.py::SourceRefreshTests::test_refresh_response_exposes_structured_counts_fallback_and_own_timestamp
test_p0_3b_source_refresh.py::SourceRefreshTests::test_registry_adapter_preserves_counts_zeroes_and_safe_failure_state
test_p0_3b_source_refresh.py::SourceRefreshTests::test_repeated_click_reuses_active_job
test_p0_3b_source_refresh.py::SourceRefreshTests::test_unavailable_source_is_normalized_without_losing_cached_data
test_p0_security_static.py::P0SecurityStaticTests::test_admin_and_audit_routes_are_gated
test_p0_security_static.py::P0SecurityStaticTests::test_alembic_version_table_supports_long_revision_ids
test_p0_security_static.py::P0SecurityStaticTests::test_analysis_and_override_routes_are_owner_gated
test_p0_security_static.py::P0SecurityStaticTests::test_compiled_text_has_dedicated_authenticated_route
test_p0_security_static.py::P0SecurityStaticTests::test_debug_rejected_requirements_are_scrubbed_from_customer_payloads
test_p0_security_static.py::P0SecurityStaticTests::test_default_tender_response_excludes_compiled_text
test_p0_security_static.py::P0SecurityStaticTests::test_document_response_excludes_raw_document_sources
test_p0_security_static.py::P0SecurityStaticTests::test_int42_removes_small_scale_uzex_from_customer_scope
test_p0_security_static.py::P0SecurityStaticTests::test_operator_support_access_is_route_calibrated
test_p0_security_static.py::P0SecurityStaticTests::test_proposal_response_scrubs_uploaded_tz_internals
test_p0_security_static.py::P0SecurityStaticTests::test_public_source_url_suppresses_document_like_urls
test_p0_security_static.py::P0SecurityStaticTests::test_tender_document_sync_enqueue_uses_heavy_queue
test_p0_security_static.py::P0SecurityStaticTests::test_tender_document_sync_has_fast_production_defaults
test_p0_security_static.py::P0SecurityStaticTests::test_tender_list_supports_int4_filters_and_batched_summaries
test_p0_security_static.py::P0SecurityStaticTests::test_tender_price_fields_are_derived_from_stored_budget_safely
test_p0_security_static.py::P0SecurityStaticTests::test_tender_response_has_safe_int4_summary_fields_only
test_p0_security_static.py::P0SecurityStaticTests::test_tender_source_refresh_controls_cover_all_supported_sources
test_p0_security_static.py::P0SecurityStaticTests::test_uzex_start_date_is_mapped_to_publication_date
test_parser_traceability.py::ParserTraceabilityTest::test_archive_txt_member_preserves_filename_and_page_one
test_parser_traceability.py::ParserTraceabilityTest::test_demo_ocr_bypass_allows_ocr_past_default_page_cap
test_parser_traceability.py::ParserTraceabilityTest::test_docx_and_txt_get_page_one_markers
test_parser_traceability.py::ParserTraceabilityTest::test_legacy_markerless_text_is_wrapped_for_compilation
test_parser_traceability.py::ParserTraceabilityTest::test_markerized_text_is_not_double_wrapped
test_parser_traceability.py::ParserTraceabilityTest::test_ocr_is_skipped_after_enough_native_pdf_text
test_parser_traceability.py::ParserTraceabilityTest::test_single_pdf_emits_file_and_page_markers
test_probe_import_safety.py::ProbeImportSafetyTests::test_all_developer_probes_import_without_operational_side_effects
test_reproducibility_snapshot.py::ReproducibilitySnapshotTests::test_admin_endpoint_is_gated_and_no_raw_text_fields_are_returned
test_reproducibility_snapshot.py::ReproducibilitySnapshotTests::test_canonical_filename_strips_only_leading_storage_prefix
test_reproducibility_snapshot.py::ReproducibilitySnapshotTests::test_deterministic_document_order_for_compiled_text
test_reproducibility_snapshot.py::ReproducibilitySnapshotTests::test_diff_uses_canonical_filename_to_avoid_false_only_differences
test_reproducibility_snapshot.py::ReproducibilitySnapshotTests::test_document_snapshot_includes_canonical_filename_metadata
test_reproducibility_snapshot.py::ReproducibilitySnapshotTests::test_evidence_validation_final_buckets_include_skipped_and_rejected
test_reproducibility_snapshot.py::ReproducibilitySnapshotTests::test_extraction_artifact_metadata_has_no_raw_chunk_text_field
test_reproducibility_snapshot.py::ReproducibilitySnapshotTests::test_hashes_are_stable_and_vault_changes_are_detected
test_reproducibility_snapshot.py::ReproducibilitySnapshotTests::test_requirement_fingerprint_ignores_32_hex_storage_prefixes
test_reproducibility_snapshot.py::ReproducibilitySnapshotTests::test_requirement_fingerprint_is_stable
test_reproducibility_snapshot.py::ReproducibilitySnapshotTests::test_requirement_fingerprint_keeps_meaningful_basename_differences
test_reproducibility_snapshot.py::ReproducibilitySnapshotTests::test_sanitizer_preserves_customer_fields_only_removing_diagnostics
test_reproducibility_snapshot.py::ReproducibilitySnapshotTests::test_unicode_cyrillic_filename_normalizes_safely
test_s0_2_disabled_authorization.py::DisabledAuthorizationUnitTests::test_active_ordinary_admin_and_operator_access_is_preserved
test_s0_2_disabled_authorization.py::DisabledAuthorizationUnitTests::test_company_disable_still_gates_pilots_but_not_active_operator_policy
test_s0_2_disabled_authorization.py::DisabledAuthorizationUnitTests::test_disable_bumps_version_and_old_token_remains_invalid_after_restore
test_s0_2_disabled_authorization.py::DisabledAuthorizationUnitTests::test_disabled_account_requires_restore_and_recovers_preserved_state
test_s0_2_disabled_authorization.py::DisabledAuthorizationUnitTests::test_disabled_allowlisted_accounts_are_not_bootstrapped_or_logged_in
test_s0_2_disabled_authorization.py::DisabledAuthorizationUnitTests::test_disabled_ordinary_admin_and_operator_fail_normal_authentication
test_s0_2_disabled_authorization.py::DisabledAuthorizationUnitTests::test_disabled_privileged_users_fail_direct_role_dependencies
test_s0_2_disabled_authorization.py::DisabledAuthorizationUnitTests::test_disabled_roles_cannot_use_stale_credentials
test_s0_2_disabled_authorization.py::DisabledAuthorizationUnitTests::test_refresh_endpoint_has_its_own_disabled_guard
test_s0_2_disabled_authorization.py::DisabledAuthorizationUnitTests::test_unauthenticated_and_broken_auth_state_fail_closed
test_s0_2_disabled_authorization.py::DisabledAuthorizationStaticTests::test_disabled_status_normalization_is_defensive
test_s0_2_disabled_authorization.py::DisabledAuthorizationStaticTests::test_runtime_security_package_is_the_only_guard_implementation
test_s0_3_schema_data_preflight.py::SchemaDataPreflightSafetyTests::test_environment_descriptor_does_not_expose_connection_secrets
test_s0_3_schema_data_preflight.py::SchemaDataPreflightSafetyTests::test_repository_head_is_resolved_without_running_migrations
test_s0_3_schema_data_preflight.py::SchemaDataPreflightSafetyTests::test_script_uses_read_only_transaction_and_unconditional_rollback
test_s0_3_schema_data_preflight.py::SchemaDataPreflightSafetyTests::test_sql_guard_accepts_reads_and_rejects_mutations
test_s0_5b1_unknown_actionability.py::ActionabilityContractTests::test_01_open_is_actionable
test_s0_5b1_unknown_actionability.py::ActionabilityContractTests::test_02_unknown_is_not_actionable
test_s0_5b1_unknown_actionability.py::ActionabilityContractTests::test_03_closed_is_not_actionable
test_s0_5b1_unknown_actionability.py::ActionabilityContractTests::test_04_cancelled_is_not_actionable
test_s0_5b1_unknown_actionability.py::ActionabilityContractTests::test_05_query_contract_is_open_equality
test_s0_5b1_unknown_actionability.py::ActionabilityContractTests::test_06_total_corpus_can_include_unknown
test_s0_5b1_unknown_actionability.py::ExplorerAndDashboardTests::test_07_explorer_default_is_open
test_s0_5b1_unknown_actionability.py::ExplorerAndDashboardTests::test_08_explorer_explicit_open_is_supported
test_s0_5b1_unknown_actionability.py::ExplorerAndDashboardTests::test_09_explorer_explicit_unknown_is_supported
test_s0_5b1_unknown_actionability.py::ExplorerAndDashboardTests::test_10_explorer_explicit_all_removes_lifecycle_predicate
test_s0_5b1_unknown_actionability.py::ExplorerAndDashboardTests::test_11_explorer_rejects_unsupported_status
test_s0_5b1_unknown_actionability.py::ExplorerAndDashboardTests::test_12_dashboard_current_logic_uses_actionability_contract
test_s0_5b1_unknown_actionability.py::HunterTests::test_13_worker_candidates_require_open
test_s0_5b1_unknown_actionability.py::HunterTests::test_14_existing_unknown_recommendations_are_filtered_at_query_level
test_s0_5b1_unknown_actionability.py::HunterTests::test_15_open_recommendation_payload_path_is_preserved
test_s0_5b1_unknown_actionability.py::ComplianceAndProposalTests::test_16_new_compliance_generation_has_nonactionable_guard
test_s0_5b1_unknown_actionability.py::ComplianceAndProposalTests::test_17_historical_analysis_read_route_remains_available
test_s0_5b1_unknown_actionability.py::ComplianceAndProposalTests::test_18_existing_proposal_is_returned_before_actionability_guard
test_s0_5b1_unknown_actionability.py::ComplianceAndProposalTests::test_19_new_unknown_proposal_creation_is_guarded
test_s0_5b1_unknown_actionability.py::ComplianceAndProposalTests::test_20_existing_proposal_get_remains_readable
test_s0_5b1_unknown_actionability.py::ComplianceAndProposalTests::test_21_cached_ai_draft_precedes_new_generation_guard
test_s0_5b1_unknown_actionability.py::ComplianceAndProposalTests::test_22_unknown_compliance_generation_returns_conflict
test_s0_5b1_unknown_actionability.py::ComplianceAndProposalTests::test_23_open_compliance_reaches_existing_document_validation
test_s0_5b1_unknown_actionability.py::ComplianceAndProposalTests::test_24_unknown_new_proposal_returns_conflict
test_s0_5b1_unknown_actionability.py::ComplianceAndProposalTests::test_25_open_new_proposal_behavior_is_unchanged
test_s0_5b1_unknown_actionability.py::ComplianceAndProposalTests::test_26_new_document_sync_requires_actionable_tender
test_s0_5b1_unknown_actionability.py::FrontendContractTests::test_27_typescript_lifecycle_union_includes_unknown
test_s0_5b1_unknown_actionability.py::FrontendContractTests::test_28_unknown_has_explicit_non_open_label_and_style
test_s0_5b1_unknown_actionability.py::FrontendContractTests::test_29_explorer_defaults_status_filter_to_open
test_s0_5b1_unknown_actionability.py::FrontendContractTests::test_30_explorer_unknown_ctas_use_actionability
test_s0_5b1_unknown_actionability.py::FrontendContractTests::test_31_details_remain_visible_with_explicit_status_badge
test_s0_5b1_unknown_actionability.py::FrontendContractTests::test_32_compliance_guard_still_loads_cached_history
test_s0_5b1_unknown_actionability.py::FrontendContractTests::test_33_bid_route_is_passive_and_prepare_is_explicit
test_s0_5b1_unknown_actionability.py::AdbReconciliationTests::test_34_stale_degraded_active_record_is_unknown
test_s0_5b1_unknown_actionability.py::AdbReconciliationTests::test_35_authoritative_active_evidence_is_open
test_s0_5b1_unknown_actionability.py::AdbReconciliationTests::test_36_authoritative_future_deadline_evidence_is_open
test_s0_5b1_unknown_actionability.py::AdbReconciliationTests::test_37_degraded_refresh_cannot_upgrade_unknown_to_open
test_s0_5b1_unknown_actionability.py::AdbReconciliationTests::test_38_authoritative_refresh_can_upgrade_unknown_to_open
test_s0_5b3_tender_recommendation_migration.py::TenderRecommendationOrmContractTests::test_complete_column_contract
test_s0_5b3_tender_recommendation_migration.py::TenderRecommendationOrmContractTests::test_primary_key_foreign_keys_and_delete_contract
test_s0_5b3_tender_recommendation_migration.py::TenderRecommendationOrmContractTests::test_unique_check_default_and_index_contract
test_s0_5b3_tender_recommendation_migration.py::TenderRecommendationMigrationContractTests::test_downgrade_contains_no_destructive_operation
test_s0_5b3_tender_recommendation_migration.py::TenderRecommendationMigrationContractTests::test_historical_noop_revision_remains_immutable
test_s0_5b3_tender_recommendation_migration.py::TenderRecommendationMigrationContractTests::test_incompatible_schema_raises_clear_failure
test_s0_5b3_tender_recommendation_migration.py::TenderRecommendationMigrationContractTests::test_migration_contract_matches_orm_columns
test_s0_5b3_tender_recommendation_migration.py::TenderRecommendationMigrationContractTests::test_repository_has_expected_new_head_and_parent
test_s0_5b4_baseline_bootstrap.py::test_manifest_and_snapshot_hash_are_consistent
test_s0_5b4_baseline_bootstrap.py::test_hash_mismatch_is_a_hard_refusal
test_s0_5b4_baseline_bootstrap.py::test_snapshot_is_structure_only_and_portable
test_s0_5b4_baseline_bootstrap.py::test_manifest_inventory_is_complete_and_stable
test_s0_5b4_baseline_bootstrap.py::test_bootstrap_has_no_create_all_call_or_orm_import
test_s0_5b4_baseline_bootstrap.py::test_repository_head_is_the_approved_single_head
test_s0_5b4_baseline_bootstrap.py::test_target_display_masks_password
test_s0_5b4_baseline_bootstrap.py::test_failure_diagnostic_redacts_password
test_s0_5b4_baseline_bootstrap.py::test_cli_requires_explicit_confirmation
test_s0_5b5_alembic_drift.py::test_proposal_orm_declares_canonical_named_uniqueness
test_s0_5b5_alembic_drift.py::test_override_seal_schema_comment_matches_historical_contract
test_s0_5b5_alembic_drift.py::test_repository_graph_extends_b3_with_compliance_ownership
test_s0_5b5_alembic_drift.py::test_historical_migrations_are_untouched
test_s0_5b5_alembic_drift.py::test_immutable_baseline_and_manifest_are_untouched
test_s0_5b5_alembic_drift.py::test_tender_recommendation_contract_is_unchanged
test_s1_1_project_foundation.py::test_project_identity_is_source_scoped_and_not_globally_unique
test_s1_1_project_foundation.py::test_tender_project_cardinality_indexes_and_delete_behavior
test_s1_1_project_foundation.py::test_only_deterministic_linkage_methods_are_allowed
test_s1_1_project_foundation.py::test_world_bank_identifier_normalization_and_quarantine
test_s1_1_project_foundation.py::test_same_identifier_shape_is_valid_in_separate_source_namespaces
test_s1_1_project_foundation.py::test_world_bank_connector_maintains_project_linkage_on_every_upsert
test_s1_1_project_foundation.py::test_existing_tender_api_contract_keeps_source_project_id
test_s1_1_project_foundation.py::test_migration_is_the_single_head_after_sprint_zero_b3
test_s1_1_project_foundation.py::test_migration_backfill_is_world_bank_only_and_strict
test_s1_2_world_bank_project_enrichment.py::test_official_project_record_normalizes_authoritative_metadata
test_s1_2_world_bank_project_enrichment.py::test_projects_api_teamlead_field_is_not_mislabeled_ttl
test_s1_2_world_bank_project_enrichment.py::test_native_role_mapping_preserves_task_manager_distinction
test_s1_2_world_bank_project_enrichment.py::test_wrong_returned_project_identity_is_rejected
test_s1_2_world_bank_project_enrichment.py::test_missing_leadership_field_is_partial_not_an_empty_roster
test_s1_2_world_bank_project_enrichment.py::test_assignment_identity_is_project_scoped_and_exact
test_s1_2_world_bank_project_enrichment.py::test_role_provenance_is_structured_and_complete
test_s1_2_world_bank_project_enrichment.py::test_procurement_contact_is_a_separate_non_role_contract
test_s1_2_world_bank_project_enrichment.py::test_role_schema_labels_domain_as_project_leadership
test_s1_2_world_bank_project_enrichment.py::test_successful_project_older_than_freshness_window_is_stale
test_s1_2_world_bank_project_enrichment.py::test_project_response_exposes_expired_success_as_stale
test_s1_2_world_bank_project_enrichment.py::test_orm_uniqueness_and_allowed_role_contract
test_s1_2_world_bank_project_enrichment.py::test_migration_is_additive_network_free_single_head
test_s1_2_world_bank_project_enrichment.py::test_source_http_retry_classification_is_bounded
test_s1_2_world_bank_project_enrichment.py::test_celery_enrichment_task_is_rate_and_retry_bounded
test_s1_3_project_context_api.py::test_tender_without_project_returns_omittable_null_context
test_s1_3_project_context_api.py::test_linked_project_exposes_canonical_external_and_internal_identity
test_s1_3_project_context_api.py::test_enriched_project_exposes_whitelisted_metadata_and_source
test_s1_3_project_context_api.py::test_sparse_project_serializes_missing_fields_as_null_without_fabrication
test_s1_3_project_context_api.py::test_current_and_historical_roles_are_separate_and_deterministic
test_s1_3_project_context_api.py::test_teamleadname_remains_other_project_role_without_contact_inference
test_s1_3_project_context_api.py::test_failure_state_is_safe_and_raw_provenance_is_not_exposed
test_s1_3_project_context_api.py::test_stale_success_is_serialized_truthfully
test_s1_3_project_context_api.py::test_endpoint_is_approved_access_guarded_and_uses_canonical_link_query
test_s1_3_project_context_api.py::test_disabled_user_cannot_pass_project_endpoint_access_dependency
test_s1_3_project_context_api.py::test_project_status_and_dates_are_independent_of_tender_actionability
test_s1_3b_project_context_runtime_recovery.py::test_existing_world_bank_tender_backfill_creates_project_and_link
test_s1_3b_project_context_runtime_recovery.py::test_existing_project_can_be_reconciled_without_tender_ingestion
test_s1_3b_project_context_runtime_recovery.py::test_operator_reconciliation_is_bounded_idempotent_orchestration
test_s1_3b_project_context_runtime_recovery.py::test_operator_command_requires_exact_apply_confirmation_and_batch_bound
test_s1_3b_project_context_runtime_recovery.py::test_reconciliation_prioritizes_untouched_projects_over_known_failures
test_s1_3b_project_context_runtime_recovery.py::test_linked_not_enriched_project_identity_is_pending_not_unavailable
test_s1_3b_project_context_runtime_recovery.py::test_enrichment_failure_preserves_known_project_identity
test_s1_3b_project_context_runtime_recovery.py::test_true_project_endpoint_failure_is_not_collapsed_to_null
test_s1_3b_project_context_runtime_recovery.py::test_no_project_is_successful_null
test_s1_3b_project_context_runtime_recovery.py::test_recovery_adds_no_migration_and_reuses_sprint_1_2_worker
test_s1_access_foundation.py::AccessFoundationTests::test_approved_pilot_account_requires_user_and_company_approval
test_s1_access_foundation.py::AccessFoundationTests::test_auth_bootstrap_promotes_admin_and_operator_allowlists
test_s1_access_foundation.py::AccessFoundationTests::test_guard_helpers_classify_canonical_roles
test_s1_access_foundation.py::AccessFoundationTests::test_migration_backfills_existing_rows_without_auto_creating_profiles
test_s1_access_foundation.py::AccessFoundationTests::test_operator_email_allowlist_still_grants_operator_access
test_s1_access_foundation.py::AccessFoundationTests::test_parse_email_allowlist_normalizes_commas_spaces_and_case
test_s1_access_foundation.py::AccessFoundationTests::test_users_company_get_does_not_create_profile
test_s1_access_hardening.py::S14AccessHardeningTests::test_admin_activity_and_corpus_health_exist
test_s1_access_hardening.py::S14AccessHardeningTests::test_approved_pilot_dependency_exists
test_s1_access_hardening.py::S14AccessHardeningTests::test_tender_sensitive_routes_require_approved_access
test_s1_access_hardening.py::S14AccessHardeningTests::test_vault_company_proposal_and_audit_routes_are_hardened
test_s1_admin_approval_queue.py::AdminApprovalQueueTests::test_admin_pages_and_pilot_route_block_exist
test_s1_admin_approval_queue.py::AdminApprovalQueueTests::test_backend_admin_approval_routes_exist_and_are_guarded
test_s1_company_onboarding.py::CompanyOnboardingTests::test_onboarding_endpoint_is_the_profile_creation_path
test_s1_company_onboarding.py::CompanyOnboardingTests::test_onboarding_payload_requires_core_company_fields
test_s1_company_onboarding.py::CompanyOnboardingTests::test_vault_get_does_not_create_company_profile
test_s2_1_compliance_ownership.py::test_orm_declares_canonical_ownership_tuple
test_s2_1_compliance_ownership.py::test_migration_is_single_additive_head_and_never_guesses_names
test_s2_1_compliance_ownership.py::test_new_write_has_explicit_authenticated_owner_and_display_snapshot
test_s2_1_compliance_ownership.py::test_customer_analysis_paths_use_only_explicit_owner_identity
test_s2_1_compliance_ownership.py::test_override_direct_id_and_export_share_owned_analysis_gate
test_s2_1_compliance_ownership.py::test_runtime_contains_no_legacy_name_claim_or_name_authorization
test_s2_1_compliance_ownership.py::test_customer_analysis_schema_does_not_expose_owner_ids_or_state
test_s2_1_compliance_ownership.py::test_preflight_reports_canonical_health_read_only
test_s2_1_readiness_vault.py::S21ReadinessVaultTests::test_admin_operator_can_read_company_and_readiness_data
test_s2_1_readiness_vault.py::S21ReadinessVaultTests::test_company_profile_get_is_auth_only_and_does_not_create_profile
test_s2_1_readiness_vault.py::S21ReadinessVaultTests::test_frontend_pages_exist_for_profile_and_readiness_vault
test_s2_1_readiness_vault.py::S21ReadinessVaultTests::test_pending_user_company_status_responses
test_s2_1_readiness_vault.py::S21ReadinessVaultTests::test_readiness_model_is_linked_to_company_profile
test_s2_1_readiness_vault.py::S21ReadinessVaultTests::test_readiness_routes_are_crud_and_require_approved_access
test_s2_1_readiness_vault.py::S21ReadinessVaultTests::test_readiness_schema_allows_record_without_file
test_s2_2_analysis_version_foundation.py::test_repository_has_one_s2_2_head_with_s2_1_parent
test_s2_2_analysis_version_foundation.py::test_version_and_document_snapshot_schema_contract
test_s2_2_analysis_version_foundation.py::test_migration_is_additive_truthful_and_external_call_free
test_s2_2_analysis_version_foundation.py::test_runtime_path_locks_parent_appends_then_updates_compatibility_mirror
test_s2_2_analysis_version_foundation.py::test_status_and_snapshot_completeness_are_conservative
test_s2_2_analysis_version_foundation.py::test_document_set_hash_is_deterministic_and_input_sensitive
test_s2_2_analysis_version_foundation.py::test_preflight_reports_version_invariants_without_snapshot_content
test_s2_2_geography.py::S22GeographyTests::test_company_profile_geography_payloads_normalize_to_canonical_values
test_s2_2_geography.py::S22GeographyTests::test_existing_dirty_profile_values_do_not_break_response
test_s2_2_geography.py::S22GeographyTests::test_frontend_uses_shared_geography_options
test_s2_2_geography.py::S22GeographyTests::test_geography_meta_exposes_mvp_regions_and_central_asia_countries
test_s2_2_geography.py::S22GeographyTests::test_invalid_regions_and_countries_are_rejected_on_write
test_s2_2b_analysis_aggregate_concurrency.py::test_identity_uses_only_canonical_tenant_and_tender_ids
test_s2_2b_analysis_aggregate_concurrency.py::test_resolution_is_database_backed_and_transaction_scoped
test_s2_2b_analysis_aggregate_concurrency.py::test_historical_duplicate_runtime_rule_is_explicit_and_non_mutating
test_s2_2b_analysis_aggregate_concurrency.py::test_endpoint_resolves_before_version_append_and_rechecks_cache
test_s2_2b_analysis_aggregate_concurrency.py::test_proposal_path_only_reads_canonical_compliance_version
test_s2_2b_analysis_aggregate_concurrency.py::test_read_only_preflight_reports_aggregate_counts_without_content
test_s2_2b_analysis_aggregate_concurrency.py::test_no_migration_and_s2_2_head_remains_single
test_s2_3_services.py::S23ServiceTests::test_company_target_services_normalize_to_canonical_values
test_s2_3_services.py::S23ServiceTests::test_existing_dirty_profile_services_do_not_break_response
test_s2_3_services.py::S23ServiceTests::test_frontend_uses_shared_service_metadata
test_s2_3_services.py::S23ServiceTests::test_invalid_company_target_services_are_rejected
test_s2_3_services.py::S23ServiceTests::test_readiness_related_service_uses_same_taxonomy
test_s2_3_services.py::S23ServiceTests::test_service_meta_exposes_values_and_clean_labels
test_s2_3_version_aware_compliance_reads.py::test_version_payload_is_detached_and_hash_verification_detects_tampering
test_s2_3_version_aware_compliance_reads.py::test_missing_legacy_hashes_are_partial_not_fabricated
test_s2_3_version_aware_compliance_reads.py::test_customer_read_consumers_use_versions_not_parent_mirrors
test_s2_3_version_aware_compliance_reads.py::test_version_routes_and_export_are_narrow_and_version_selectable
test_s2_3_version_aware_compliance_reads.py::test_parent_then_version_selection_and_zero_version_policy_are_explicit
test_s2_3_version_aware_compliance_reads.py::test_preflight_reports_s2_3_integrity_without_emitting_snapshots
test_s2_3_version_aware_compliance_reads.py::test_no_version_history_frontend_was_added
test_s2_4_readiness_admin.py::S24ReadinessAdminTests::test_access_boundaries_still_use_existing_guards
test_s2_4_readiness_admin.py::S24ReadinessAdminTests::test_admin_company_detail_page_is_read_only_and_linked_from_approvals
test_s2_4_readiness_admin.py::S24ReadinessAdminTests::test_admin_company_endpoint_is_read_only_and_includes_user_identity
test_s2_4_readiness_admin.py::S24ReadinessAdminTests::test_company_settings_shows_status_and_clean_target_summary
test_s2_4_readiness_admin.py::S24ReadinessAdminTests::test_readiness_vault_ux_supports_labels_filters_and_optional_files
test_s3_1_admin_account_lifecycle.py::AccountLifecycleServiceTests::test_allowlist_does_not_override_rejection_or_disable
test_s3_1_admin_account_lifecycle.py::AccountLifecycleServiceTests::test_disable_and_reject_remain_distinct
test_s3_1_admin_account_lifecycle.py::AccountLifecycleServiceTests::test_explicit_allowed_transition_matrix
test_s3_1_admin_account_lifecycle.py::AccountLifecycleServiceTests::test_invalid_transitions_are_strict_and_do_not_mutate
test_s3_1_admin_account_lifecycle.py::AccountLifecycleServiceTests::test_pending_rejected_and_disabled_roles_never_override_lifecycle
test_s3_1_admin_account_lifecycle.py::AccountLifecycleServiceTests::test_restore_matrix_preserves_each_known_prior_state
test_s3_1_admin_account_lifecycle.py::AccountLifecycleServiceTests::test_unknown_prior_state_restores_conservatively_to_pending
test_s3_1_admin_account_lifecycle.py::AccountLifecycleEndpointTests::test_direct_approve_of_disabled_user_returns_409
test_s3_1_admin_account_lifecycle.py::AccountLifecycleEndpointTests::test_google_login_denies_rejected_account_token_issuance
test_s3_1_admin_account_lifecycle.py::AccountLifecycleEndpointTests::test_restore_endpoint_records_transition_context
test_s3_1_admin_account_lifecycle.py::AccountLifecycleSchemaTests::test_additive_migration_preserves_unknown_history
test_s3_1_admin_account_lifecycle.py::AccountLifecycleSchemaTests::test_orm_declares_canonical_and_pre_disable_constraints
test_s3_1_tender_explorer_filters.py::S31TenderExplorerFilterStaticTests::test_frontend_uses_s2_taxonomies_for_tender_filters
test_s3_1_tender_explorer_filters.py::S31TenderExplorerFilterStaticTests::test_tender_endpoint_exposes_s3_1_filters_and_sorting
test_s3_1_tender_explorer_filters.py::S31TenderExplorerFilterBehaviorTests::test_central_asia_expands_to_required_countries
test_s3_1_tender_explorer_filters.py::S31TenderExplorerFilterBehaviorTests::test_query_value_normalizers_support_multiselect_inputs
test_s3_1_tender_explorer_filters.py::S31TenderExplorerFilterBehaviorTests::test_visible_corpus_guard_and_small_uzex_exclusion_remain_in_list_route
test_s3_2_session_revocation_restore_security.py::SessionRevocationTests::test_all_device_tokens_and_missing_users_fail_closed
test_s3_2_session_revocation_restore_security.py::SessionRevocationTests::test_disable_and_restore_never_revive_pre_disable_token
test_s3_2_session_revocation_restore_security.py::SessionRevocationTests::test_exact_version_is_required_even_for_version_zero
test_s3_2_session_revocation_restore_security.py::SessionRevocationTests::test_reject_and_approve_each_revoke_old_credentials
test_s3_2_session_revocation_restore_security.py::SessionRevocationStaticTests::test_browser_cookie_and_authjs_callbacks_revalidate_current_authority
test_s3_2_session_revocation_restore_security.py::SessionRevocationStaticTests::test_preflight_reports_only_aggregate_revocation_health
test_s3_2_session_revocation_restore_security.py::SessionRevocationStaticTests::test_refresh_and_access_status_have_no_stale_version_bypass
test_s3_2_session_revocation_restore_security.py::SessionRevocationStaticTests::test_token_issuance_and_role_grants_revoke_atomically
test_s3_3_privileged_account_survivability.py::EffectiveAdminTests::test_effective_admin_matches_canonical_backend_authority
test_s3_3_privileged_account_survivability.py::LockedMutationTests::test_actor_and_target_are_revalidated_under_lock
test_s3_3_privileged_account_survivability.py::LockedMutationTests::test_api_maps_self_action_denials_to_409_without_commit
test_s3_3_privileged_account_survivability.py::LockedMutationTests::test_last_admin_guard_does_not_count_inactive_admin_like_rows
test_s3_3_privileged_account_survivability.py::LockedMutationTests::test_non_last_admin_target_can_be_disabled
test_s3_3_privileged_account_survivability.py::LockedMutationTests::test_restore_unknown_provenance_is_pending_not_effective
test_s3_3_privileged_account_survivability.py::LockedMutationTests::test_self_disable_and_self_reject_are_separate_hard_denials
test_s3_3_privileged_account_survivability.py::SurvivabilityStaticTests::test_all_runtime_user_lifecycle_routes_use_locked_service
test_s3_3_privileged_account_survivability.py::SurvivabilityStaticTests::test_lock_is_postgresql_transaction_scoped_and_dedicated
test_s3_3_privileged_account_survivability.py::SurvivabilityStaticTests::test_no_runtime_role_revocation_endpoint_exists
test_s3_3_privileged_account_survivability.py::SurvivabilityStaticTests::test_preflight_and_frontend_surface_safety_without_leaking_counts
test_s3_4_administrative_audit_hardening.py::CanonicalAuditServiceTests::test_action_and_outcome_are_controlled
test_s3_4_administrative_audit_hardening.py::CanonicalAuditServiceTests::test_canonical_event_has_snapshots_and_no_live_relationship_dependency
test_s3_4_administrative_audit_hardening.py::CanonicalAuditServiceTests::test_non_user_actor_cannot_impersonate_user
test_s3_4_administrative_audit_hardening.py::CanonicalAuditServiceTests::test_sensitive_payload_keys_are_rejected_recursively
test_s3_4_administrative_audit_hardening.py::AdministrativeAuditContractTests::test_admin_api_is_paginated_filtered_deterministic_and_admin_only
test_s3_4_administrative_audit_hardening.py::AdministrativeAuditContractTests::test_all_known_runtime_writers_use_the_canonical_service
test_s3_4_administrative_audit_hardening.py::AdministrativeAuditContractTests::test_denied_and_failed_events_use_independent_post_rollback_writer
test_s3_4_administrative_audit_hardening.py::AdministrativeAuditContractTests::test_migration_is_additive_preserves_legacy_rows_and_enforces_append_only
test_s3_4_administrative_audit_hardening.py::AdministrativeAuditContractTests::test_orm_is_one_canonical_authority_with_required_indexes
test_s3_4_administrative_audit_hardening.py::AdministrativeAuditContractTests::test_preflight_is_aggregate_only_and_never_selects_payloads
test_s3_5_admin_operational_ux_hardening.py::AdminOperationalContractTests::test_account_api_is_bounded_filtered_and_deterministic
test_s3_5_admin_operational_ux_hardening.py::AdminOperationalContractTests::test_account_contract_exposes_only_operational_fields
test_s3_5_admin_operational_ux_hardening.py::AdminOperationalContractTests::test_backend_owns_the_exact_action_matrix
test_s3_5_admin_operational_ux_hardening.py::AdminOperationalContractTests::test_no_sprint_35_migration_and_head_remains_sprint_34
test_s3_5_admin_operational_ux_hardening.py::AdminOperationalContractTests::test_operator_capabilities_are_read_only_and_self_guard_uses_id
test_s3_5_admin_operational_ux_hardening.py::AdminOperationalContractTests::test_restore_preview_is_safe_and_unknown_provenance_fails_closed
test_s3_5_admin_operational_ux_hardening.py::AdminOperationalContractTests::test_role_display_does_not_override_lifecycle_status
test_s3_5_admin_operational_ux_hardening.py::AdminOperationalContractTests::test_ui_uses_only_canonical_action_endpoints
test_s4_1_tender_engagement_foundation.py::test_model_has_canonical_id_only_identity_and_restrictive_fks
test_s4_1_tender_engagement_foundation.py::test_status_and_origin_taxonomies_are_narrow_and_exact
test_s4_1_tender_engagement_foundation.py::test_every_normal_transition_and_rejection_is_deterministic
test_s4_1_tender_engagement_foundation.py::test_corrections_are_explicit_and_narrow
test_s4_1_tender_engagement_foundation.py::test_creation_and_status_mutation_are_database_backed_and_canonical
test_s4_1_tender_engagement_foundation.py::test_migration_is_one_additive_schema_only_head_with_no_backfill
test_s4_1_tender_engagement_foundation.py::test_proposal_compliance_and_hunter_do_not_write_engagement_state
test_s4_1_tender_engagement_foundation.py::test_normal_runtime_has_one_engagement_writer_service
test_s4_1_tender_engagement_foundation.py::test_preflight_reports_required_aggregate_health_without_content
test_s4_1_tender_engagement_foundation.py::test_legacy_bids_route_is_owned_proposal_only_without_tender_fallback
test_s4_2_competitor_intelligence.py::S42CompetitorIntelligenceStaticTests::test_consolidated_frontend_does_not_reintroduce_unsafe_wording
test_s4_2_competitor_intelligence.py::S42CompetitorIntelligenceStaticTests::test_endpoint_is_protected_and_uses_visible_corpus_guard
test_s4_2_competitor_intelligence.py::S42CompetitorIntelligenceStaticTests::test_live_source_fetches_have_timeout_and_ttl_cache
test_s4_2_competitor_intelligence.py::S42CompetitorIntelligenceStaticTests::test_schema_is_whitelisted_and_grouped
test_s4_2_competitor_intelligence.py::S42CompetitorIntelligenceBehaviorTests::test_empty_response_message_is_clean
test_s4_2_competitor_intelligence.py::S42CompetitorIntelligenceBehaviorTests::test_generic_metadata_does_not_create_competitors
test_s4_2_competitor_intelligence.py::S42CompetitorIntelligenceBehaviorTests::test_public_winner_metadata_is_high_confidence
test_s4_2_competitor_intelligence.py::S42CompetitorIntelligenceBehaviorTests::test_repeated_similar_market_actor_is_medium_confidence
test_s4_2_competitor_intelligence.py::S42LiveSourceCompetitorBehaviorTests::test_adb_awarded_rss_does_not_invent_company_from_contract_title
test_s4_2_competitor_intelligence.py::S42LiveSourceCompetitorBehaviorTests::test_live_source_cache_returns_fresh_cached_records
test_s4_2_competitor_intelligence.py::S42LiveSourceCompetitorBehaviorTests::test_live_source_failure_without_cache_is_clean_empty
test_s4_2_competitor_intelligence.py::S42LiveSourceCompetitorBehaviorTests::test_live_source_returns_stale_cache_when_refresh_is_empty
test_s4_2_competitor_intelligence.py::S42LiveSourceCompetitorBehaviorTests::test_uzex_deals_list_provider_is_historical_winner
test_s4_2_competitor_intelligence.py::S42LiveSourceCompetitorBehaviorTests::test_uzex_service_specific_tender_discards_unrelated_deals
test_s4_2_competitor_intelligence.py::S42LiveSourceCompetitorBehaviorTests::test_world_bank_award_parser_extracts_winners_and_evaluated_bidders
test_s4_2_competitor_intelligence.py::S42LiveSourceCompetitorBehaviorTests::test_world_bank_contract_awards_return_groupable_records
test_s4_2_competitor_intelligence.py::S42LiveSourceCompetitorBehaviorTests::test_world_bank_service_specific_tender_discards_same_country_wrong_field
test_s4_2_my_tenders_list_experience.py::test_no_migration_and_sprint_4_1_head_remains_canonical
test_s4_2_my_tenders_list_experience.py::test_list_query_is_canonical_tenant_scoped_and_engagement_only
test_s4_2_my_tenders_list_experience.py::test_default_dismissed_policy_filters_only_engagement_status
test_s4_2_my_tenders_list_experience.py::test_sorting_is_database_backed_stable_and_null_deadlines_are_explicit
test_s4_2_my_tenders_list_experience.py::test_api_is_bounded_safe_and_uses_current_profile
test_s4_2_my_tenders_list_experience.py::test_save_is_explicit_idempotent_and_never_downgrades_higher_state
test_s4_2_my_tenders_list_experience.py::test_frontend_my_tenders_has_no_legacy_data_source_or_workflow_leakage
test_s4_2_my_tenders_list_experience.py::test_frontend_navigation_separates_bid_preparation_and_my_tenders
test_s4_2_my_tenders_list_experience.py::test_passive_tender_detail_only_reads_and_click_handler_is_the_only_post
test_s4_2_my_tenders_list_experience.py::test_source_status_is_separate_in_schema_and_frontend
test_s4_3_bid_preparation_reconciliation.py::test_prepare_service_is_atomic_caller_transaction_and_uses_canonical_services
test_s4_3_bid_preparation_reconciliation.py::test_prepare_transition_contract_preserves_higher_states
test_s4_3_bid_preparation_reconciliation.py::test_proposal_identity_is_existing_one_per_user_tender_contract
test_s4_3_bid_preparation_reconciliation.py::test_prepare_and_continue_endpoints_are_explicit_posts
test_s4_3_bid_preparation_reconciliation.py::test_proposal_reads_require_owned_user_and_valid_profile_context
test_s4_3_bid_preparation_reconciliation.py::test_proposal_status_and_exports_never_write_engagement_submission
test_s4_3_bid_preparation_reconciliation.py::test_customer_routes_have_unambiguous_dynamic_identifiers
test_s4_3_bid_preparation_reconciliation.py::test_no_passive_frontend_proposal_creation_remains
test_s4_3_bid_preparation_reconciliation.py::test_navigation_and_copy_use_bid_preparation
test_s4_3_bid_preparation_reconciliation.py::test_preflight_reports_reconciliation_without_repair
test_s4_3_decision_snapshot.py::TenderDecisionSnapshotStaticTests::test_snapshot_endpoint_is_approved_pilot_guarded
test_s4_3_decision_snapshot.py::TenderDecisionSnapshotStaticTests::test_snapshot_schema_is_whitelisted
test_s4_3_decision_snapshot.py::TenderDecisionSnapshotBehaviorTests::test_deadline_urgency_buckets
test_s4_3_decision_snapshot.py::TenderDecisionSnapshotBehaviorTests::test_missing_and_partial_empty_states_do_not_invent_values
test_s4_3_decision_snapshot.py::TenderDecisionSnapshotBehaviorTests::test_snapshot_availability_fields_are_derived_from_existing_signals
test_s4_3_decision_snapshot.py::TenderDecisionSnapshotBehaviorTests::test_snapshot_serializes_supported_sources
test_s4_4_tender_engagement_workflow_ux.py::test_no_migration_and_locked_head
test_s4_4_tender_engagement_workflow_ux.py::test_backend_allowed_action_contract_is_exact
test_s4_4_tender_engagement_workflow_ux.py::test_action_api_is_semantic_scoped_and_stale_safe
test_s4_4_tender_engagement_workflow_ux.py::test_only_canonical_service_writes_engagement_status
test_s4_4_tender_engagement_workflow_ux.py::test_submission_and_outcome_writes_are_explicit_only
test_s4_4_tender_engagement_workflow_ux.py::test_shared_customer_workflow_copy_is_truthful
test_s4_4_tender_engagement_workflow_ux.py::test_all_three_surfaces_share_one_workflow_component
test_s4_4_tender_engagement_workflow_ux.py::test_routes_remain_single_identity_and_passive_reads_are_get_only
test_s4_4_tender_engagement_workflow_ux.py::test_no_schema_history_or_sprint_five_leakage
test_s4_4_workflow_postgresql.py::test_s4_4_workflow_against_disposable_postgresql
test_s4_closeout_admin_documents.py::AdminActivityCloseoutTests::test_optional_metric_missing_table_degrades_to_zero
test_s5_1_tender_details_foundation.py::PassiveTenderReadTests::test_live_uzex_dates_are_response_overrides_not_orm_mutations
test_s5_1_tender_details_foundation.py::PassiveTenderReadTests::test_non_uzex_tender_has_no_live_date_lookup_or_override
test_s5_2_tender_details_read_model.py::TenderDetailsContractTests::test_compliance_authority_is_analysis_version_not_parent_mirror
test_s5_2_tender_details_read_model.py::TenderDetailsContractTests::test_dependency_graph_has_no_write_or_external_dispatch
test_s5_2_tender_details_read_model.py::TenderDetailsContractTests::test_document_contract_is_metadata_only_and_bounded
test_s5_2_tender_details_read_model.py::TenderDetailsContractTests::test_endpoint_is_secondary_approved_read
test_s5_2_tender_details_read_model.py::TenderDetailsContractTests::test_explicit_schema_has_no_unsafe_document_or_ambiguous_root_status
test_s5_2_tender_details_read_model.py::TenderDetailsContractTests::test_failed_compliance_cannot_be_labeled_compliant
test_s5_2_tender_details_read_model.py::TenderDetailsContractTests::test_preflight_is_count_only_and_read_only
test_s5_2_tender_details_read_model.py::TenderDetailsContractTests::test_requirements_are_labeled_analysis_derived
test_s5_cross_source_regression.py::CrossSourceStaticGateTests::test_active_sync_routes_use_canonical_document_flow
test_s5_cross_source_regression.py::CrossSourceStaticGateTests::test_document_write_paths_are_source_guarded
test_s5_cross_source_regression.py::CrossSourceStaticGateTests::test_source_sync_does_not_touch_analysis_rows
test_s5_cross_source_regression.py::CrossSourceStaticGateTests::test_tender_model_keeps_source_unique_indexes
test_s5_cross_source_regression.py::CrossSourceBehaviorTests::test_adb_metadata_only_document_is_source_scoped_and_not_fabricated
test_s5_cross_source_regression.py::CrossSourceBehaviorTests::test_ebrd_documents_are_access_required_and_cross_source_guarded
test_s5_cross_source_regression.py::CrossSourceBehaviorTests::test_failed_refresh_preserves_existing_parsed_text
test_s5_cross_source_regression.py::CrossSourceBehaviorTests::test_giz_canonical_documents_are_metadata_only_and_cross_source_guarded
test_s5_cross_source_regression.py::CrossSourceBehaviorTests::test_world_bank_document_upsert_is_source_scoped_and_idempotent
test_s6_1_hunter_explorer_convergence_foundation.py::test_recommendation_schema_has_canonical_profile_tender_identity
test_s6_1_hunter_explorer_convergence_foundation.py::test_hunter_list_is_owned_ranked_and_passive
test_s6_1_hunter_explorer_convergence_foundation.py::test_dismissal_mutates_only_the_owned_recommendation
test_s6_1_hunter_explorer_convergence_foundation.py::test_restore_is_safe_in_schema_and_canonical_service
test_s6_1_hunter_explorer_convergence_foundation.py::test_generation_is_scheduled_background_work_not_a_read_side_effect
test_s6_1_hunter_explorer_convergence_foundation.py::test_score_and_rationale_are_stored_llm_advisory_snapshots
test_s6_1_hunter_explorer_convergence_foundation.py::test_explorer_and_hunter_current_routes_are_distinct_and_tender_canonical
test_s6_1_hunter_explorer_convergence_foundation.py::test_recommendation_authority_is_independent_across_domain_matrix
test_s6_1_hunter_explorer_convergence_foundation.py::test_preflight_exposes_count_only_recommendation_foundation_metrics
test_s6_1_hunter_explorer_convergence_foundation.py::test_s6_4_frontend_converges_with_passive_route_retirement
test_s6_2_unified_explorer_backend.py::test_openapi_exposes_unified_read_and_canonical_commands
test_s6_2_unified_explorer_backend.py::test_explicit_view_and_availability_domains_are_truthful
test_s6_2_unified_explorer_backend.py::test_shared_filter_contract_is_used_by_both_endpoints
test_s6_2_unified_explorer_backend.py::test_document_membership_is_resolved_before_count_and_page
test_s6_2_unified_explorer_backend.py::test_recommendation_and_tender_orders_have_unique_tie_breakers
test_s6_2_unified_explorer_backend.py::test_rationale_summary_is_unicode_bounded_without_mutating_source
test_s6_2_unified_explorer_backend.py::test_response_schema_is_explicit_and_has_no_private_owner_or_llm_fields
test_s6_2_unified_explorer_backend.py::test_unified_get_dependency_graph_is_passive
test_s6_2_unified_explorer_backend.py::test_canonical_mutations_lock_owned_row_and_change_only_boolean
test_s6_2_unified_explorer_backend.py::test_legacy_hunter_dismiss_delegates_to_canonical_service
test_s6_2_unified_explorer_backend.py::test_queries_use_uuid_authority_and_independent_pursuit_overlay
test_s6_2_unified_explorer_backend.py::test_sprint_6_4_frontend_consumes_contract_with_passive_compatibility_redirect
test_s6_2_unified_explorer_backend.py::test_no_migration_or_backfill_and_head_is_unchanged
test_s6_2_unified_explorer_backend.py::test_query_contract_is_bounded
test_s6_2_unified_explorer_backend.py::test_explorer_access_allows_approved_no_profile_but_not_pending_states
test_s6_4_hunter_retirement_final_qa.py::test_hunter_customer_route_is_redirect_only
test_s6_4_hunter_retirement_final_qa.py::test_dead_hunter_frontend_type_is_removed
test_s6_4_hunter_retirement_final_qa.py::test_customer_runtime_has_no_hunter_product_surface
test_s6_4_hunter_retirement_final_qa.py::test_unified_explorer_remains_only_canonical_frontend_client
test_s6_4_hunter_retirement_final_qa.py::test_legacy_backend_dismiss_delegates_canonical_service
test_s6_4_hunter_retirement_final_qa.py::test_legacy_list_is_owned_and_read_only
test_s6_4_hunter_retirement_final_qa.py::test_generation_worker_contract_is_preserved
test_s6_4_hunter_retirement_final_qa.py::test_canonical_and_legacy_openapi_routes_remain_registered
test_s6_4_hunter_retirement_final_qa.py::test_navigation_and_customer_copy_are_converged
test_s6_4_hunter_retirement_final_qa.py::test_no_migration_and_single_head
test_s6_4_hunter_retirement_final_qa.py::test_documentation_has_exact_required_sections
test_s7_2_locale_foundation.py::LocaleContractTests::test_current_user_schema_preserves_null_and_serializes_saved_locale
test_s7_2_locale_foundation.py::LocaleContractTests::test_frontend_has_one_registry_and_no_locale_route_or_local_storage_authority
test_s7_2_locale_foundation.py::LocaleContractTests::test_locale_is_absent_from_auth_and_company_authority_contracts
test_s7_2_locale_foundation.py::LocaleContractTests::test_model_and_migration_keep_historical_null_semantics
test_s7_2_locale_foundation.py::LocaleContractTests::test_preference_payload_is_narrow_and_rejects_extra_fields
test_s7_2_locale_foundation.py::LocaleContractTests::test_registry_accepts_all_released_customer_ui_locales
test_s7_2_locale_foundation.py::LocaleUpdateTests::test_each_selectable_locale_updates_the_current_user
test_s7_2_locale_foundation.py::LocaleUpdateTests::test_pending_authenticated_user_can_update_without_domain_writes
test_s7_2_locale_foundation.py::LocaleUpdateTests::test_update_changes_only_locale_and_keeps_auth_version
test_s8_2_analysis_language.py::test_registry_is_independent_canonical_and_arabic_is_truthfully_gated
test_s8_2_analysis_language.py::test_resolution_precedence_never_uses_ui_locale
test_s8_2_analysis_language.py::test_preference_validation_matrix_and_empty_request
test_s8_2_analysis_language.py::test_default_update_is_narrow_and_does_not_bump_auth_or_ui_locale
test_s8_2_analysis_language.py::test_model_columns_are_nullable_constrained_and_unindexed
test_s8_2_analysis_language.py::test_single_additive_migration_and_historical_null_semantics
test_s8_2_analysis_language.py::test_prompt_uses_trusted_name_and_preserves_evidence
test_s8_2_analysis_language.py::test_generated_localization_preserves_source_owned_fields_and_schema
test_s8_2_analysis_language.py::test_new_hashes_include_language_and_legacy_hash_envelope_is_unchanged
test_s8_2_analysis_language.py::test_analysis_language_is_immutable_after_persistence_state
test_s8_2_analysis_language.py::test_pdf_chrome_uses_version_language_and_arabic_is_gated_at_endpoint
test_s8_2_analysis_language.py::test_frontend_independence_direction_history_and_no_global_rtl
test_s8_3_arabic_ui_locale.py::test_arabic_ui_is_released_while_arabic_analysis_remains_gated
test_s8_3_arabic_ui_locale.py::test_arabic_ui_update_is_narrow_and_preserves_analysis_and_auth_state
test_s8_3_arabic_ui_locale.py::test_sprint_8_3_adds_no_migration_and_keeps_the_s8_2_single_head
test_s8_3_arabic_ui_locale.py::test_arabic_pdf_gate_and_version_language_authority_are_unchanged
test_scraper_download_variants.py::ScraperDownloadVariantsTest::test_api_post_rejects_html_response_before_trying_next_variant
test_scraper_download_variants.py::ScraperDownloadVariantsTest::test_api_post_tries_relative_variant_after_slash_variant_rejection
test_scraper_download_variants.py::ScraperDownloadVariantsTest::test_api_trade_file_fields_keep_dom_fallback_order
test_scraper_download_variants.py::ScraperDownloadVariantsTest::test_download_api_path_variants_for_leading_slash_files_path
test_scraper_download_variants.py::ScraperDownloadVariantsTest::test_download_api_path_variants_for_relative_files_path
test_scraper_download_variants.py::ScraperDownloadVariantsTest::test_download_api_path_variants_for_static_url
test_scraper_download_variants.py::ScraperDownloadVariantsTest::test_static_api_and_direct_failure_falls_back_to_dom_button_download
test_source_refresh_worker.py::SourceRefreshWorkerTests::test_terminal_redelivery_does_not_run_connector_twice
test_source_refresh_worker.py::SourceRefreshWorkerTests::test_worker_persists_terminal_counts_and_diagnostics
test_sr2_1_semantic_batch_persistence.py::SemanticSnapshotTests::test_result_outcomes_are_mutually_exclusive_and_counted
test_sr2_1_semantic_batch_persistence.py::SemanticSnapshotTests::test_snapshot_excludes_observation_time_and_normalizes_json_order
test_sr2_1_semantic_batch_persistence.py::SemanticSnapshotTests::test_snapshot_normalizes_equivalent_timezones
test_sr2_1_semantic_batch_persistence.py::SemanticSnapshotTests::test_source_field_change_is_semantic
test_sr2_1_semantic_batch_persistence.py::OrchestrationTruthTests::test_uzex_commit_failure_publishes_zero_successful_write_counts
test_sr2_1_semantic_batch_persistence.py::StaticIngestionAuditTests::test_conflict_safe_insert_is_the_created_authority
test_sr2_1_semantic_batch_persistence.py::StaticIngestionAuditTests::test_normal_runtime_routes_do_not_call_single_row_upsert
test_sr2_1_semantic_batch_persistence.py::StaticIngestionAuditTests::test_unchanged_branch_does_not_assign_tender_fields
test_sr2_2_source_refresh_orchestration.py::SourceRefreshLeaseTests::test_current_owner_can_heartbeat_and_write_terminal_counters
test_sr2_2_source_refresh_orchestration.py::SourceRefreshLeaseTests::test_expired_takeover_resets_attempt_counts_and_fences_old_owner
test_sr2_2_source_refresh_orchestration.py::SourceRefreshLeaseTests::test_live_owner_blocks_duplicate_delivery
test_sr2_2_source_refresh_orchestration.py::SourceRefreshContractTests::test_connector_executors_are_not_http_routes
test_sr2_2_source_refresh_orchestration.py::SourceRefreshContractTests::test_duplicate_publications_use_fresh_delivery_ids
test_sr2_2_source_refresh_orchestration.py::SourceRefreshContractTests::test_live_lease_not_job_age_controls_staleness
test_sr2_2_source_refresh_orchestration.py::SourceRefreshContractTests::test_operator_urls_are_async_job_responses
test_sr2_2_source_refresh_orchestration.py::SourceRefreshContractTests::test_source_specific_options_are_bounded
test_sr2_2_source_refresh_orchestration.py::SourceRefreshContractTests::test_status_dto_has_no_private_worker_or_requester_fields
test_sr2_2_source_refresh_orchestration.py::OperatorRouteTests::test_giz_document_coupling_is_explicitly_rejected
test_sr2_2_source_refresh_orchestration.py::OperatorRouteTests::test_operator_wrapper_only_calls_canonical_request_service
test_sr2_3_connector_capability_document_decoupling.py::RegistryContractTests::test_canonical_result_carries_truthful_optional_metrics
test_sr2_3_connector_capability_document_decoupling.py::RegistryContractTests::test_generic_orchestrator_has_no_source_dispatch_branch
test_sr2_3_connector_capability_document_decoupling.py::RegistryContractTests::test_option_validation_is_registry_driven
test_sr2_3_connector_capability_document_decoupling.py::RegistryContractTests::test_registry_is_complete_immutable_and_truthful
test_sr2_3_connector_capability_document_decoupling.py::AdbDecouplingTests::test_async_writer_is_identity_fenced_and_non_destructive
test_sr2_3_connector_capability_document_decoupling.py::AdbDecouplingTests::test_commit_precedes_adb_dispatch_and_publish_count_is_success_only
test_sr2_3_connector_capability_document_decoupling.py::AdbDecouplingTests::test_contact_keys_are_preserved_only_by_explicit_connector_contract
test_sr2_3_connector_capability_document_decoupling.py::AdbDecouplingTests::test_metadata_discovery_performs_no_remote_or_pdf_work
test_sr2_3_connector_capability_document_decoupling.py::AdbDecouplingTests::test_status_progression_is_monotonic
test_sr2_3_connector_capability_document_decoupling.py::DocumentAndMigrationTests::test_additive_nullable_metrics_and_single_head
test_sr2_3_connector_capability_document_decoupling.py::DocumentAndMigrationTests::test_all_metadata_adapters_use_shared_batch_persistence
test_sr2_3_connector_capability_document_decoupling.py::DocumentAndMigrationTests::test_ebrd_restricted_policy_never_dispatches
test_sr2_4_refresh_activity_source_catalog_newness.py::CatalogContractTests::test_catalog_is_zero_database_query_and_labels_are_not_duplicated
test_sr2_4_refresh_activity_source_catalog_newness.py::CatalogContractTests::test_catalog_uses_registry_visibility_and_disabled_semantics
test_sr2_4_refresh_activity_source_catalog_newness.py::CatalogContractTests::test_known_disabled_source_is_denied_before_job_creation
test_sr2_4_refresh_activity_source_catalog_newness.py::ActivityContractTests::test_activity_authority_is_job_created_count_not_tender_query
test_sr2_4_refresh_activity_source_catalog_newness.py::ActivityContractTests::test_cursor_round_trip_is_timezone_aware_and_exclusive_positioned
test_sr2_4_refresh_activity_source_catalog_newness.py::ActivityContractTests::test_customer_schemas_exclude_internal_fields
test_sr2_4_refresh_activity_source_catalog_newness.py::ActivityContractTests::test_invalid_and_oversized_cursors_fail_safely
test_sr2_4_refresh_activity_source_catalog_newness.py::ActivityContractTests::test_terminal_mapper_preserves_partial_counts_and_authority_boundary
test_sr2_4_refresh_activity_source_catalog_newness.py::TenderNewnessTests::test_exact_boundary_matrix_and_future_safety
test_sr2_4_refresh_activity_source_catalog_newness.py::TenderNewnessTests::test_new_only_sql_uses_created_at_and_controlled_reference
test_sr2_4_refresh_activity_source_catalog_newness.py::TenderNewnessTests::test_newness_implementation_has_no_other_domain_authority
test_sr2_4_refresh_activity_source_catalog_newness.py::TenderNewnessTests::test_publication_sync_recommendation_and_document_times_cannot_change_result
test_sr2_4_refresh_activity_source_catalog_newness.py::PassiveAndOpenApiTests::test_customer_get_routes_are_registered_and_passive
test_sr2_4_refresh_activity_source_catalog_newness.py::PassiveAndOpenApiTests::test_explorer_openapi_exposes_new_only_and_newness_fields
test_storage_path_resolver.py::StoragePathResolverTests::test_empty_storage_path_is_missing
test_storage_path_resolver.py::StoragePathResolverTests::test_known_481480_windows_path_is_recognized_in_wsl
test_storage_path_resolver.py::StoragePathResolverTests::test_windows_storage_path_normalizes_to_wsl_mount
test_tender_contact_submission.py::TenderContactSubmissionStaticTests::test_tender_response_does_not_expose_raw_metadata
test_tender_contact_submission.py::TenderContactSubmissionBehaviorTests::test_adb_contact_submission_uses_pdf_extracted_metadata
test_tender_contact_submission.py::TenderContactSubmissionBehaviorTests::test_adb_source_info_surfaces_when_contact_is_missing
test_tender_contact_submission.py::TenderContactSubmissionBehaviorTests::test_ebrd_contact_submission_shows_external_access_required
test_tender_contact_submission.py::TenderContactSubmissionBehaviorTests::test_giz_contact_submission_uses_public_page_metadata
test_tender_contact_submission.py::TenderContactSubmissionBehaviorTests::test_internal_document_access_paths_are_not_exposed
test_tender_contact_submission.py::TenderContactSubmissionBehaviorTests::test_uzex_contact_submission_uses_get_trade_metadata
test_tender_contact_submission.py::TenderContactSubmissionBehaviorTests::test_uzex_uses_existing_buyer_source_and_deadline_without_guessing
test_tender_contact_submission.py::TenderContactSubmissionBehaviorTests::test_world_bank_contact_submission_is_whitelisted_and_derived
test_tender_contact_submission.py::TenderContactSubmissionBehaviorTests::test_world_bank_contact_submission_uses_contact_information_fields
test_tender_document_status.py::TenderDocumentStatusStaticTests::test_batched_summary_uses_explicit_document_status_policy
test_tender_document_status.py::TenderDocumentStatusStaticTests::test_document_metadata_response_keeps_raw_locations_private
test_tender_document_status.py::TenderDocumentStatusStaticTests::test_failed_extraction_response_does_not_claim_compliance
test_tender_document_status.py::TenderDocumentStatusStaticTests::test_frontend_status_labels_are_source_neutral
test_tender_document_status.py::TenderDocumentStatusStaticTests::test_metadata_only_download_is_safe_404
test_tender_document_status.py::TenderDocumentStatusBehaviorTests::test_access_required_aggregate_remains_access_required
test_tender_document_status.py::TenderDocumentStatusBehaviorTests::test_adb_metadata_only_remains_metadata_only
test_tender_document_status.py::TenderDocumentStatusBehaviorTests::test_downloadable_aggregate_means_documents_available
test_tender_document_status.py::TenderDocumentStatusBehaviorTests::test_explicit_failed_status_is_not_legacy_uzex_available
test_tender_document_status.py::TenderDocumentStatusBehaviorTests::test_failed_aggregate_wins_over_available_and_blocks_compliance
test_tender_document_status.py::TenderDocumentStatusBehaviorTests::test_failed_analysis_public_payloads_do_not_claim_success
test_tender_document_status.py::TenderDocumentStatusBehaviorTests::test_missing_file_aggregate_is_not_documents_available
test_tender_document_status.py::TenderDocumentStatusBehaviorTests::test_missing_stored_file_is_not_listed_as_available
test_tender_document_status.py::TenderDocumentStatusBehaviorTests::test_public_coverage_metadata_hides_provider_technical_warnings
test_tender_document_status.py::TenderDocumentStatusBehaviorTests::test_uzex_stored_and_legacy_docs_are_available
test_tender_document_status.py::TenderDocumentStatusBehaviorTests::test_world_bank_zero_docs_remains_no_documents_found
test_tender_source_foundation.py::TenderSourceKeyTests::test_canonical_source_key_generation
test_tender_source_foundation.py::TenderSourceKeyTests::test_source_system_normalization_rejects_unknown_values
test_tender_source_foundation.py::TenderSourceFoundationTests::test_canonical_document_exposes_source_neutral_file_url
test_tender_source_foundation.py::TenderSourceFoundationTests::test_giz_upsert_cannot_modify_uzex_row_with_same_external_id
test_tender_source_foundation.py::TenderSourceFoundationTests::test_same_external_id_can_exist_across_sources
test_tender_source_foundation.py::TenderSourceFoundationTests::test_source_scope_guard_rejects_cross_source_mutation
test_tender_source_foundation.py::TenderSourceFoundationTests::test_upsert_falls_back_to_source_system_external_id
test_tender_source_foundation.py::TenderSourceFoundationTests::test_upsert_prevents_duplicate_canonical_source_key
test_tender_worker_failure_handling.py::TenderWorkerFailureHandlingTests::test_failed_download_row_is_reused_on_repeated_sync
test_tender_worker_failure_handling.py::TenderWorkerFailureHandlingTests::test_failed_download_row_records_private_strategy_errors
test_tender_worker_failure_handling.py::TenderWorkerFailureHandlingTests::test_failed_rows_do_not_pollute_compiled_text_from_parsed_successes
test_tender_worker_failure_handling.py::TenderWorkerFailureHandlingTests::test_uzex_scraped_document_is_canonicalized_before_persistence
test_uzex_contact.py::UzExContactExtractionTests::test_extracts_get_trade_contact_submission_fields
test_uzex_contact.py::UzExContactExtractionTests::test_trade_list_metadata_is_safe_fallback_only
test_wb_project_enrichment_autodrain.py::test_periodic_dispatcher_is_registered_and_routed
test_wb_project_enrichment_autodrain.py::test_automatic_batch_is_bounded_below_source_rate
test_wb_project_enrichment_autodrain.py::test_terminal_failure_is_not_presented_as_pending
test_wb_project_enrichment_autodrain.py::test_partial_state_remains_visible_and_truthful
test_wb_project_enrichment_autodrain.py::test_production_compose_runs_worker_and_beat
test_wb_project_enrichment_autodrain.py::test_hotfix_has_no_migration
test_world_bank_connector.py::WorldBankConnectorTests::test_active_notice_filtering
test_world_bank_connector.py::WorldBankConnectorTests::test_attachment_link_extraction
test_world_bank_connector.py::WorldBankConnectorTests::test_contact_information_extraction_from_procnotice_row
test_world_bank_connector.py::WorldBankConnectorTests::test_contract_award_exclusion
test_world_bank_connector.py::WorldBankConnectorTests::test_current_query_date_uses_utc_calendar_across_offset_boundaries
test_world_bank_connector.py::WorldBankConnectorTests::test_date_only_deadline_remains_open_through_end_of_utc_day
test_world_bank_connector.py::WorldBankConnectorTests::test_deadline_parsing_with_time
test_world_bank_connector.py::WorldBankConnectorTests::test_duplicate_ids_are_isolated_across_pages
test_world_bank_connector.py::WorldBankConnectorTests::test_general_procurement_notice_excluded_by_default
test_world_bank_connector.py::WorldBankConnectorTests::test_html_cleanup_strips_tags_and_unsafe_content
test_world_bank_connector.py::WorldBankConnectorTests::test_json_mapping_to_normalized_payload
test_world_bank_connector.py::WorldBankConnectorTests::test_official_current_opportunity_filters_and_exhaustive_pagination
test_world_bank_connector.py::WorldBankConnectorTests::test_pagination_captures_one_query_date_across_utc_midnight
test_world_bank_connector.py::WorldBankConnectorTests::test_past_deadline_open_row_becomes_closed_without_overwriting_cancelled
test_world_bank_connector.py::WorldBankConnectorTests::test_safety_cap_sets_truncation_instead_of_silent_completion
test_world_bank_connector.py::WorldBankConnectorTests::test_structured_skip_reasons
test_world_bank_connector.py::WorldBankConnectorTests::test_timestamp_deadline_uses_aware_utc_instant
test_world_bank_connector.py::WorldBankConnectorTests::test_truncated_sync_reports_partial

=============================== warnings summary ===============================
app/api/endpoints/hunter.py:37
  /mnt/d/projects/plasmaos/backend/app/api/endpoints/hunter.py:37: PydanticDeprecatedSince20: Support for class-based `config` is deprecated, use ConfigDict instead. Deprecated in Pydantic V2.0 to be removed in V3.0. See Pydantic V2 Migration Guide at https://errors.pydantic.dev/2.14/migration/
    class HunterTenderPayload(BaseModel):

app/api/endpoints/hunter.py:48
  /mnt/d/projects/plasmaos/backend/app/api/endpoints/hunter.py:48: PydanticDeprecatedSince20: Support for class-based `config` is deprecated, use ConfigDict instead. Deprecated in Pydantic V2.0 to be removed in V3.0. See Pydantic V2 Migration Guide at https://errors.pydantic.dev/2.14/migration/
    class HunterRecommendationPayload(BaseModel):

-- Docs: https://docs.pytest.org/en/stable/how-to/capture-warnings.html
615 tests collected in 22.90s
Collection operational side effects: 0
